#
# There is insufficient memory for the Java Runtime Environment to continue.
# Native memory allocation (mmap) failed to map 266338304 bytes for G1 virtual space
# Possible reasons:
#   The system is out of physical RAM or swap space
#   The process is running with CompressedOops enabled, and the Java Heap may be blocking the growth of the native heap
# Possible solutions:
#   Reduce memory load on the system
#   Increase physical memory or swap space
#   Check if swap backing store is full
#   Decrease Java heap size (-Xmx/-Xms)
#   Decrease number of Java threads
#   Decrease Java thread stack sizes (-Xss)
#   Set larger code cache with -XX:ReservedCodeCacheSize=
#   JVM is running with Zero Based Compressed Oops mode in which the Java heap is
#     placed in the first 32GB address space. The Java Heap base address is the
#     maximum limit for the native heap growth. Please use -XX:HeapBaseMinAddress
#     to set the Java Heap base and to place the Java Heap above 32GB virtual address.
# This output file may be truncated or incomplete.
#
#  Out of Memory Error (os_windows.cpp:3603), pid=25712, tid=1648
#
# JRE version:  (21.0.6+8) (build )
# Java VM: Java HotSpot(TM) 64-Bit Server VM (21.0.6+8-LTS-188, mixed mode, sharing, tiered, compressed oops, compressed class ptrs, g1 gc, windows-amd64)
# No core dump will be written. Minidumps are not enabled by default on client versions of Windows
#

---------------  S U M M A R Y ------------

Command Line: C:\Users\darwi\Desktop\Escritorio en el Escritorio\PROGRAMACION\Proyectos\Tareas_ISO815\Asignacion 8B\visor_factura.jar 42

Host: Intel(R) Core(TM) i5-10400 CPU @ 2.90GHz, 12 cores, 15G,  Windows 10 , 64 bit Build 19041 (10.0.19041.5915)
Time: Sat Mar 28 11:44:07 2026 SA Western Standard Time elapsed time: 0.007551 seconds (0d 0h 0m 0s)

---------------  T H R E A D  ---------------

Current thread (0x0000029bdc64d370):  JavaThread "Unknown thread" [_thread_in_vm, id=1648, stack(0x0000009d21700000,0x0000009d21800000) (1024K)]

Stack: [0x0000009d21700000,0x0000009d21800000]
Native frames: (J=compiled Java code, j=interpreted, Vv=VM code, C=native code)
V  [jvm.dll+0x6ca6d9]
V  [jvm.dll+0x854f51]
V  [jvm.dll+0x85747e]
V  [jvm.dll+0x857b53]
V  [jvm.dll+0x27dcc6]
V  [jvm.dll+0x6c6e55]
V  [jvm.dll+0x6bb9da]
V  [jvm.dll+0x35393a]
V  [jvm.dll+0x35b596]
V  [jvm.dll+0x3adefe]
V  [jvm.dll+0x3ae1a8]
V  [jvm.dll+0x327cbc]
V  [jvm.dll+0x32881b]
V  [jvm.dll+0x81e309]
V  [jvm.dll+0x3babe1]
V  [jvm.dll+0x807658]
V  [jvm.dll+0x44fdae]
V  [jvm.dll+0x4519a1]
C  [jli.dll+0x52a3]
C  [ucrtbase.dll+0x21bb2]
C  [KERNEL32.DLL+0x17374]
C  [ntdll.dll+0x4cc91]


---------------  P R O C E S S  ---------------

Threads class SMR info:
_java_thread_list=0x00007ffb04bfcc08, length=0, elements={
}

Java Threads: ( => current thread )
Total: 0

Other Threads:
  0x0000029bde8408c0 WorkerThread "GC Thread#0"                     [id=40880, stack(0x0000009d21800000,0x0000009d21900000) (1024K)]
  0x0000029bde852020 ConcurrentGCThread "G1 Main Marker"            [id=19612, stack(0x0000009d21900000,0x0000009d21a00000) (1024K)]
  0x0000029bde8532c0 WorkerThread "G1 Conc#0"                       [id=36096, stack(0x0000009d21a00000,0x0000009d21b00000) (1024K)]

[error occurred during error reporting (printing all threads), id 0xc0000005, EXCEPTION_ACCESS_VIOLATION (0xc0000005) at pc=0x00007ffb0436a427]
VM state: not at safepoint (not fully initialized)

VM Mutex/Monitor currently owned by a thread:  ([mutex/lock_event])
[0x00007ffb04c6df98] Heap_lock - owner thread: 0x0000029bdc64d370

Heap address: 0x0000000702400000, size: 4060 MB, Compressed Oops mode: Zero based, Oop shift amount: 3

CDS archive(s) mapped at: [0x0000000000000000-0x0000000000000000-0x0000000000000000), size 0, SharedBaseAddress: 0x0000000800000000, ArchiveRelocationMode: 1.
Narrow klass base: 0x0000000000000000, Narrow klass shift: 0, Narrow klass range: 0x0

GC Precious Log:
 CardTable entry size: 512
 Card Set container configuration: InlinePtr #cards 4 size 8 Array Of Cards #cards 16 size 48 Howl #buckets 8 coarsen threshold 3686 Howl Bitmap #cards 512 size 80 coarsen threshold 460 Card regions per heap region 1 cards per card region 4096

Heap:
 garbage-first heap   total 0K, used 0K [0x0000000702400000, 0x0000000800000000)
  region size 2048K, 0 young (0K), 0 survivors (0K)

[error occurred during error reporting (printing heap information), id 0xc0000005, EXCEPTION_ACCESS_VIOLATION (0xc0000005) at pc=0x00007ffb047536a9]
GC Heap History (0 events):
No events

Dll operation events (1 events):
Event: 0.004 Loaded shared library C:\Program Files\Java\jdk-21\bin\java.dll

Deoptimization events (0 events):
No events

Classes loaded (0 events):
No events

Classes unloaded (0 events):
No events

Classes redefined (0 events):
No events

Internal exceptions (0 events):
No events

ZGC Phase Switch (0 events):
No events

VM Operations (0 events):
No events

Events (0 events):
No events


Dynamic libraries:
0x00007ff747fd0000 - 0x00007ff747fe0000 	C:\Program Files\Java\jdk-21\bin\java.exe
0x00007ffbfb8b0000 - 0x00007ffbfbaa8000 	C:\Windows\SYSTEM32\ntdll.dll
0x00007ffbfa760000 - 0x00007ffbfa822000 	C:\Windows\System32\KERNEL32.DLL
0x00007ffbf9130000 - 0x00007ffbf9426000 	C:\Windows\System32\KERNELBASE.dll
0x00007ffbf97d0000 - 0x00007ffbf98d0000 	C:\Windows\System32\ucrtbase.dll
0x00007ffba7aa0000 - 0x00007ffba7abb000 	C:\Program Files\Java\jdk-21\bin\VCRUNTIME140.dll
0x00007ffba5740000 - 0x00007ffba5759000 	C:\Program Files\Java\jdk-21\bin\jli.dll
0x00007ffbfa300000 - 0x00007ffbfa3b1000 	C:\Windows\System32\ADVAPI32.dll
0x00007ffbfb7a0000 - 0x00007ffbfb83e000 	C:\Windows\System32\msvcrt.dll
0x00007ffbfa4f0000 - 0x00007ffbfa58f000 	C:\Windows\System32\sechost.dll
0x00007ffbfa640000 - 0x00007ffbfa760000 	C:\Windows\System32\RPCRT4.dll
0x00007ffbf9670000 - 0x00007ffbf9697000 	C:\Windows\System32\bcrypt.dll
0x00007ffbfa9b0000 - 0x00007ffbfab51000 	C:\Windows\System32\USER32.dll
0x00007ffbf9640000 - 0x00007ffbf9662000 	C:\Windows\System32\win32u.dll
0x00007ffbfb840000 - 0x00007ffbfb86b000 	C:\Windows\System32\GDI32.dll
0x00007ffbe9170000 - 0x00007ffbe940b000 	C:\Windows\WinSxS\amd64_microsoft.windows.common-controls_6595b64144ccf1df_6.0.19041.6456_none_60b8a6cb71f64256\COMCTL32.dll
0x00007ffbf9010000 - 0x00007ffbf9129000 	C:\Windows\System32\gdi32full.dll
0x00007ffbf9730000 - 0x00007ffbf97cd000 	C:\Windows\System32\msvcp_win.dll
0x00007ffbf0b40000 - 0x00007ffbf0b4a000 	C:\Windows\SYSTEM32\VERSION.dll
0x00007ffbfabc0000 - 0x00007ffbfabef000 	C:\Windows\System32\IMM32.DLL
0x00007ffbe0a80000 - 0x00007ffbe0a8c000 	C:\Program Files\Java\jdk-21\bin\vcruntime140_1.dll
0x00007ffb88730000 - 0x00007ffb887be000 	C:\Program Files\Java\jdk-21\bin\msvcp140.dll
0x00007ffb04030000 - 0x00007ffb04d4a000 	C:\Program Files\Java\jdk-21\bin\server\jvm.dll
0x00007ffbfadf0000 - 0x00007ffbfae5b000 	C:\Windows\System32\WS2_32.dll
0x00007ffbf8920000 - 0x00007ffbf896b000 	C:\Windows\SYSTEM32\POWRPROF.dll
0x00007ffbeb180000 - 0x00007ffbeb1a7000 	C:\Windows\SYSTEM32\WINMM.dll
0x00007ffbf8900000 - 0x00007ffbf8912000 	C:\Windows\SYSTEM32\UMPDC.dll
0x00007ffbf6dd0000 - 0x00007ffbf6de2000 	C:\Windows\SYSTEM32\kernel.appcore.dll
0x00007ffbab010000 - 0x00007ffbab01a000 	C:\Program Files\Java\jdk-21\bin\jimage.dll
0x00007ffbf1320000 - 0x00007ffbf1521000 	C:\Windows\SYSTEM32\DBGHELP.DLL
0x00007ffbe7ed0000 - 0x00007ffbe7f04000 	C:\Windows\SYSTEM32\dbgcore.DLL
0x00007ffbf96a0000 - 0x00007ffbf9722000 	C:\Windows\System32\bcryptPrimitives.dll
0x00007ffba2ca0000 - 0x00007ffba2cbf000 	C:\Program Files\Java\jdk-21\bin\java.dll

dbghelp: loaded successfully - version: 4.0.5 - missing functions: none
symbol engine: initialized successfully - sym options: 0x614 - pdb path: .;C:\Program Files\Java\jdk-21\bin;C:\Windows\SYSTEM32;C:\Windows\WinSxS\amd64_microsoft.windows.common-controls_6595b64144ccf1df_6.0.19041.6456_none_60b8a6cb71f64256;C:\Program Files\Java\jdk-21\bin\server

VM Arguments:
java_command: C:\Users\darwi\Desktop\Escritorio en el Escritorio\PROGRAMACION\Proyectos\Tareas_ISO815\Asignacion 8B\visor_factura.jar 42
java_class_path (initial): C:\Users\darwi\Desktop\Escritorio en el Escritorio\PROGRAMACION\Proyectos\Tareas_ISO815\Asignacion 8B\visor_factura.jar
Launcher Type: SUN_STANDARD

[Global flags]
     intx CICompilerCount                          = 4                                         {product} {ergonomic}
     uint ConcGCThreads                            = 3                                         {product} {ergonomic}
     uint G1ConcRefinementThreads                  = 10                                        {product} {ergonomic}
   size_t G1HeapRegionSize                         = 2097152                                   {product} {ergonomic}
    uintx GCDrainStackTargetSize                   = 64                                        {product} {ergonomic}
   size_t InitialHeapSize                          = 266338304                                 {product} {ergonomic}
   size_t MarkStackSize                            = 4194304                                   {product} {ergonomic}
   size_t MaxHeapSize                              = 4257218560                                {product} {ergonomic}
   size_t MinHeapDeltaBytes                        = 2097152                                   {product} {ergonomic}
   size_t MinHeapSize                              = 8388608                                   {product} {ergonomic}
    uintx NonNMethodCodeHeapSize                   = 5839372                                {pd product} {ergonomic}
    uintx NonProfiledCodeHeapSize                  = 122909434                              {pd product} {ergonomic}
    uintx ProfiledCodeHeapSize                     = 122909434                              {pd product} {ergonomic}
    uintx ReservedCodeCacheSize                    = 251658240                              {pd product} {ergonomic}
     bool SegmentedCodeCache                       = true                                      {product} {ergonomic}
   size_t SoftMaxHeapSize                          = 4257218560                             {manageable} {ergonomic}
     bool UseCompressedOops                        = true                           {product lp64_product} {ergonomic}
     bool UseG1GC                                  = true                                      {product} {ergonomic}
     bool UseLargePagesIndividualAllocation        = false                                  {pd product} {ergonomic}

Logging:
Log output configuration:
 #0: stdout all=warning uptime,level,tags foldmultilines=false
 #1: stderr all=off uptime,level,tags foldmultilines=false

Environment Variables:
JAVA_HOME=C:\Program Files\Java\jdk-21
PATH=C:\oracleXE\dbhomeXE\bin;C:\Program Files\Common Files\Oracle\Java\javapath;C:\Program Files (x86)\Common Files\Oracle\Java\javapath;C:\ProgramData\Oracle\Java\javapath;C:\Program Files (x86)\Common Files\Intel\Shared Libraries\redist\intel64_win\compiler;C:\Windows\system32;C:\Windows;C:\Windows\System32\Wbem;C:\Windows\System32\WindowsPowerShell\v1.0\;C:\Windows\System32\OpenSSH\;C:\Program Files\dotnet\;C:\Program Files (x86)\Microsoft SQL Server\160\DTS\Binn\;C:\Program Files (x86)\Microsoft SQL Server\160\Tools\Binn\;C:\Program Files\Microsoft SQL Server\160\Tools\Binn\;C:\Program Files\Microsoft SQL Server\Client SDK\ODBC\170\Tools\Binn\;C:\Program Files\Microsoft SQL Server\160\DTS\Binn\;C:\Program Files\Microsoft SQL Server\150\Tools\Binn\;D:\Git\cmd;C:\Program Files\nodejs\;C:\Program Files (x86)\Windows Kits\10\Windows Performance Toolkit\;C:\Program Files\MySQL\MySQL Shell 8.0\bin\;C:\Users\darwi\AppData\Local\Programs\Python\Python311\Scripts\;C:\Users\darwi\AppData\Local\Programs\Python\Python311\;C:\Users\darwi\AppData\Local\Programs\Python\Launcher\;C:\Users\darwi\AppData\Local\Microsoft\WindowsApps;D:\Microsoft VS Code\bin;C:\Users\darwi\.dotnet\tools;C:\Program Files\Java\jdk-22\bin;C:\Users\darwi\AppData\Roaming\npm;D:\flutter\bin\;D:\flutter\flutter\bin
USERNAME=darwin
OS=Windows_NT
PROCESSOR_IDENTIFIER=Intel64 Family 6 Model 165 Stepping 3, GenuineIntel
TMP=C:\Users\darwi\AppData\Local\Temp
TEMP=C:\Users\darwi\AppData\Local\Temp




Periodic native trim disabled

---------------  S Y S T E M  ---------------

OS:
 Windows 10 , 64 bit Build 19041 (10.0.19041.5915)
OS uptime: 0 days 4:20 hours

CPU: total 12 (initial active 12) (6 cores per cpu, 2 threads per core) family 6 model 165 stepping 3 microcode 0xe0, cx8, cmov, fxsr, ht, mmx, 3dnowpref, sse, sse2, sse3, ssse3, sse4.1, sse4.2, popcnt, lzcnt, tsc, tscinvbit, avx, avx2, aes, erms, clmul, bmi1, bmi2, adx, fma, vzeroupper, clflush, clflushopt, rdtscp, f16c
Processor Information for all 12 processors :
  Max Mhz: 2904, Current Mhz: 2904, Mhz Limit: 2904

Memory: 4k page, system-wide physical 16236M (2057M free)
TotalPageFile size 26223M (AvailPageFile size 444M)
current process WorkingSet (physical memory assigned to process): 10M, peak: 10M
current process commit charge ("private bytes"): 64M, peak: 318M

vm_info: Java HotSpot(TM) 64-Bit Server VM (21.0.6+8-LTS-188) for windows-amd64 JRE (21.0.6+8-LTS-188), built on 2024-12-03T10:50:54Z by "mach5one" with MS VC++ 17.6 (VS2022)

END.
